
> read_node@0.1.0 build
> react-scripts build

Creating an optimized production build...
Compiled with warnings.

[eslint] 
src\pages\home.js
  Line 3:8:   'nmuLogo' is defined but never used          no-unused-vars
  Line 4:8:   'mainImgUIPagoda' is defined but never used  no-unused-vars
  Line 5:8:   'mainImgUILinkme' is defined but never used  no-unused-vars
  Line 6:10:  'DiscountShape' is defined but never used    no-unused-vars
  Line 6:25:  'Global' is defined but never used           no-unused-vars
  Line 6:57:  'Profile2User' is defined but never used     no-unused-vars
  Line 6:71:  'Activity' is defined but never used         no-unused-vars
  Line 6:81:  'Blur' is defined but never used             no-unused-vars
  Line 6:87:  'Code' is defined but never used             no-unused-vars
  Line 6:93:  'Cd' is defined but never used               no-unused-vars
  Line 8:8:   'WebsitePage' is defined but never used      no-unused-vars
  Line 10:8:  'CreatorPage' is defined but never used      no-unused-vars
  Line 12:8:  'imgP1' is defined but never used            no-unused-vars
  Line 13:8:  'imgP2' is defined but never used            no-unused-vars
  Line 14:8:  'imgP3' is defined but never used            no-unused-vars
  Line 15:8:  'imgP4' is defined but never used            no-unused-vars
  Line 17:8:  'imgL1' is defined but never used            no-unused-vars
  Line 18:8:  'imgL2' is defined but never used            no-unused-vars
  Line 19:8:  'imgL3' is defined but never used            no-unused-vars
  Line 20:8:  'imgL4' is defined but never used            no-unused-vars

Search for the keywords to learn more about each warning.
To ignore, add // eslint-disable-next-line to the line before.

File sizes after gzip:

  99.77 kB  build\static\js\main.b87a6c38.js
  7.47 kB   build\static\css\main.e5cfa793.css
  1.76 kB   build\static\js\453.92e57b62.chunk.js

The project was built assuming it is hosted at /.
You can control this with the homepage field in your package.json.

The build folder is ready to be deployed.
You may serve it with a static server:

  npm install -g serve
  serve -s build

Find out more about deployment here:

  https://cra.link/deployment

